// Jest Snapshot v1, https://goo.gl/fbAQLP

exports[`Ticker component Should render the Ticker component 1`] = `ShallowWrapper {}`;
